// Jest Snapshot v1, https://goo.gl/fbAQLP

exports[`<AddressInput/> should render a clean page 1`] = `
.c0 {
  display: -webkit-box;
  display: -webkit-flex;
  display: -ms-flexbox;
  display: flex;
  padding: 20px;
  -webkit-box-pack: center;
  -webkit-justify-content: center;
  -ms-flex-pack: center;
  justify-content: center;
}

.c6 {
  display: -webkit-box;
  display: -webkit-flex;
  display: -ms-flexbox;
  display: flex;
  margin-top: 20px;
  -webkit-box-pack: justify;
  -webkit-justify-content: space-between;
  -ms-flex-pack: justify;
  justify-content: space-between;
}

.c1 {
  width: 100%;
}

.c3 {
  margin-bottom: 20px;
  margin-right: 20px;
}

.c5 {
  margin-right: 20px;
}

.c7 {
  width: 41.66666666666667%;
}

.c2 {
  -webkit-font-smoothing: antialiased;
  font-family: FaktSoftPro-Normal;
  color: #3c4858;
  font-size: 24px;
  font-weight: bold;
  text-align: center;
}

.c4 {
  -webkit-font-smoothing: antialiased;
  display: block;
  width: 100%;
  outline: none;
  border-radius: 4px;
  border: 1px solid;
  border-color: #e0e6ed;
  padding: 0px 10px 0px 10px;
  height: 60px;
  color: #3c4858;
  font-family: FaktSoftPro-Normal;
  font-size: 18px;
  -webkit-letter-spacing: 2px;
  -moz-letter-spacing: 2px;
  -ms-letter-spacing: 2px;
  letter-spacing: 2px;
}

.c4:focus {
  border-radius: 4px;
  border: 1px solid;
  border-color: #1fb6ff;
  padding: 0px 10px 0px 10px;
  height: 60px;
}

.c4::-webkit-input-placeholder {
  color: #8492a6;
}

.c4::-moz-placeholder {
  color: #8492a6;
}

.c4:-ms-input-placeholder {
  color: #8492a6;
}

.c4::placeholder {
  color: #8492a6;
}

.c8 {
  outline: none;
  display: block;
  cursor: pointer;
  padding: 0 20px 0 20px;
  border-radius: 4px;
  border: 1px solid;
  border-color: #e0e6ed;
  background-color: #ffffff;
  width: 100%;
  height: 60px;
  color: #3c4858;
  font-family: FaktSoftPro-Normal;
  font-size: 18px;
  -webkit-font-smoothing: antialiased;
  border-color: #e0e6ed;
}

.c8 :hover {
  background-color: #ffffff;
}

.c9 {
  outline: none;
  display: block;
  cursor: default;
  padding: 0 20px 0 20px;
  border-radius: 4px;
  border: 1px solid;
  border-color: #e0e6ed;
  background-color: #ffffff;
  width: 100%;
  height: 60px;
  color: #8492a6;
  font-family: FaktSoftPro-Normal;
  font-size: 18px;
  -webkit-font-smoothing: antialiased;
  border-color: #e0e6ed;
}

.c9 :hover {
  background-color: #ffffff;
}

@media screen and (min-width:640px) {
  .c1 {
    width: 50%;
  }
}

<div>
  <div
    className="c0"
  >
    <div
      className="c1"
      width={
        Array [
          1,
          0.5,
        ]
      }
    >
      <p
        className="c2"
        color="dark"
        fontSize="large"
        fontWeight="bold"
      >
        Qual o endereço do seu imóvel?
      </p>
      <div
        className=""
      />
      <div
        className="c3"
      >
        <div
          className=""
        >
          <input
            autoComplete="off"
            className="c4"
            error={null}
            fluid={true}
            fontSize="default"
            height="tall"
            hideErrorView={true}
            hideLabelView={true}
            letterSpacing="default"
            name="street"
            onBlur={[Function]}
            onChange={[Function]}
            onKeyDown={[Function]}
            placeholder="Endereço e número*"
            type="text"
            value={null}
          />
        </div>
      </div>
      <div
        className="c5"
      >
        <div
          className=""
        >
          <input
            className="c4"
            fluid={true}
            fontSize="default"
            height="tall"
            hideErrorView={true}
            hideLabelView={true}
            letterSpacing="default"
            onChange={[Function]}
            placeholder="Complemento"
          />
        </div>
      </div>
      <div
        className="c6"
      >
        <div
          className="c7"
          width={0.4166666666666667}
        >
          <button
            className="c8"
            fontSize="default"
            height="tall"
            onClick={[Function]}
          >
            Voltar
          </button>
        </div>
        <div
          className="c7"
          width={0.4166666666666667}
        >
          <button
            className="c9"
            disabled={true}
            fontSize="default"
            height="tall"
            onClick={[Function]}
          >
            Avançar
          </button>
        </div>
      </div>
    </div>
  </div>
</div>
`;
