// Jest Snapshot v1, https://goo.gl/fbAQLP

exports[`<FilterPanel/> should render component 1`] = `
.c1 {
  box-shadow: 0px 2px 4px -1px rgba(0,0,0,0.2),0px 4px 5px 0px rgba(0,0,0,0.14),0px 1px 10px 0px rgba(0,0,0,0.12);
}

.c3 {
  display: -webkit-box;
  display: -webkit-flex;
  display: -ms-flexbox;
  display: flex;
  width: 100%;
  -webkit-box-pack: center;
  -webkit-justify-content: center;
  -ms-flex-pack: center;
  justify-content: center;
}

.c5 {
  display: -webkit-box;
  display: -webkit-flex;
  display: -ms-flexbox;
  display: flex;
}

.c6 {
  width: 33.33333333333333%;
}

.c7 {
  outline: none;
  cursor: pointer;
  padding: 0 20px 0 20px;
  border-color: #e0e6ed;
  background-color: #ffffff;
  border-radius: 0;
  border-width: 0;
  width: auto;
  height: 32px;
  padding: 0px;
  color: #f50057;
  font-family: FaktSoftPro-Normal;
  font-size: 18px;
  color: #3c4858;
  -webkit-font-smoothing: antialiased;
  border-color: #e0e6ed;
}

.c7 :hover {
  background-color: #ffffff;
}

.c8 {
  outline: none;
  cursor: pointer;
  padding: 0 20px 0 20px;
  border-color: #e0e6ed;
  background-color: #ffffff;
  border-radius: 0;
  border-width: 0;
  width: auto;
  height: 32px;
  padding: 0px;
  color: #f50057;
  font-family: FaktSoftPro-Normal;
  font-size: 18px;
  -webkit-font-smoothing: antialiased;
  border-color: #e0e6ed;
}

.c8 :hover {
  background-color: #ffffff;
}

.c0 {
  display: block;
  position: absolute;
  background-color: #ffffff;
  top: 0;
  left: 0;
  padding: 10px;
}

.c4 {
  -webkit-box-pack: justify;
  -webkit-justify-content: space-between;
  -ms-flex-pack: justify;
  justify-content: space-between;
  margin-top: 10px;
}

@media screen and (max-width:780px) {
  .c2 {
    position: relative;
    height: 100%;
    padding: 20px;
  }
}

@media screen and (max-width:780px) {
  .c4 {
    position: absolute;
    margin: 0;
    bottom: calc(20px + 40px);
    width: calc(100% - 40px);
  }
}

<div
  className="c0 c1"
  elevation={4}
>
  <div
    className="c2 "
  >
    <div
      className="c3"
      width={1}
    />
    <div
      className="c4 c5"
    >
      <div
        className="c6"
        width={0.3333333333333333}
      >
        <button
          className="c7"
          color="dark"
          fontSize="default"
          height="short"
          onClick={[Function]}
        >
          Limpar
        </button>
      </div>
      <div
        className="c6"
        style={
          Object {
            "display": "flex",
            "justifyContent": "flex-end",
          }
        }
        width={0.3333333333333333}
      >
        <button
          className="c8"
          fontSize="default"
          height="short"
          onClick={[Function]}
        >
          Aplicar
        </button>
      </div>
    </div>
  </div>
</div>
`;
