// Jest Snapshot v1, https://goo.gl/fbAQLP

exports[`renders editing price state 1`] = `
.c8 {
  box-shadow: 0px 2px 4px -1px rgba(0,0,0,0.2),0px 4px 5px 0px rgba(0,0,0,0.14),0px 1px 10px 0px rgba(0,0,0,0.12);
}

.c2 {
  -webkit-font-smoothing: antialiased;
  font-family: FaktSoftPro-Normal;
  color: #3c4858;
  font-size: 24px;
  font-weight: bold;
  text-align: center;
}

.c4 {
  -webkit-font-smoothing: antialiased;
  font-family: FaktSoftPro-Normal;
  color: #979797;
  font-size: 18px;
}

.c10 {
  -webkit-font-smoothing: antialiased;
  font-family: FaktSoftPro-Normal;
  color: #3c4858;
  font-size: 14px;
  font-weight: bold;
}

.c12 {
  -webkit-font-smoothing: antialiased;
  font-family: FaktSoftPro-Normal;
  color: #979797;
  font-size: 10px;
}

.c0 {
  display: -webkit-box;
  display: -webkit-flex;
  display: -ms-flexbox;
  display: flex;
  padding: 20px;
  padding-top: 0px;
  -webkit-box-pack: center;
  -webkit-justify-content: center;
  -ms-flex-pack: center;
  justify-content: center;
}

.c3 {
  display: -webkit-box;
  display: -webkit-flex;
  display: -ms-flexbox;
  display: flex;
  -webkit-flex-direction: column;
  -ms-flex-direction: column;
  flex-direction: column;
  -webkit-align-items: center;
  -webkit-box-align: center;
  -ms-flex-align: center;
  align-items: center;
}

.c6 {
  display: -webkit-box;
  display: -webkit-flex;
  display: -ms-flexbox;
  display: flex;
}

.c7 {
  display: -webkit-box;
  display: -webkit-flex;
  display: -ms-flexbox;
  display: flex;
  -webkit-flex-direction: column;
  -ms-flex-direction: column;
  flex-direction: column;
}

.c9 {
  display: -webkit-box;
  display: -webkit-flex;
  display: -ms-flexbox;
  display: flex;
  padding-bottom: 20px;
  padding-top: 20px;
  padding-left: 20px;
  padding-right: 20px;
  -webkit-flex-direction: column;
  -ms-flex-direction: column;
  flex-direction: column;
}

.c11 {
  display: -webkit-box;
  display: -webkit-flex;
  display: -ms-flexbox;
  display: flex;
  margin-top: 10px;
}

.c14 {
  display: -webkit-box;
  display: -webkit-flex;
  display: -ms-flexbox;
  display: flex;
  -webkit-box-pack: justify;
  -webkit-justify-content: space-between;
  -ms-flex-pack: justify;
  justify-content: space-between;
}

.c22 {
  display: -webkit-box;
  display: -webkit-flex;
  display: -ms-flexbox;
  display: flex;
  margin-top: 20px;
  -webkit-box-pack: justify;
  -webkit-justify-content: space-between;
  -ms-flex-pack: justify;
  justify-content: space-between;
}

.c1 {
  width: 100%;
}

.c23 {
  width: 41.66666666666667%;
}

.c21 {
  margin-right: 20px;
}

.c24 {
  outline: none;
  display: block;
  cursor: pointer;
  padding: 0 20px 0 20px;
  border-color: #e0e6ed;
  background-color: #ffffff;
  border-radius: 4px;
  border-width: 1px;
  width: 100%;
  height: 60px;
  color: #3c4858;
  font-family: FaktSoftPro-Normal;
  font-size: 18px;
  -webkit-font-smoothing: antialiased;
  border-color: #e0e6ed;
}

.c24 :hover {
  background-color: #ffffff;
}

.c25 {
  outline: none;
  display: block;
  cursor: pointer;
  padding: 0 20px 0 20px;
  border-color: #f50057;
  background-color: #f50057;
  border-radius: 4px;
  border-width: 1px;
  width: 100%;
  height: 60px;
  color: #ffffff;
  font-family: FaktSoftPro-Normal;
  font-size: 18px;
  -webkit-font-smoothing: antialiased;
  border-color: #e0e6ed;
}

.c25 :hover {
  background-color: #f50057;
}

.c5 {
  min-width: 300px;
  max-width: 300px;
}

.c18 {
  height: 1px;
  width: 220px;
  background-color: #e0e6ed;
}

.c15 {
  margin-top: -2px;
  margin-left: 4px;
  width: 10px;
  height: 10px;
  border-top: 1px solid rgba(0,0,0,0.4);
  border-radius: 0 100% 0 0;
  box-shadow: rgba(0,0,0,0.2) -1px 1px 2px 0px inset;
  background-color: #fff;
}

.c19 {
  margin-left: 4px;
  width: 10px;
  height: 10px;
  border-bottom: 1px solid rgba(0,0,0,0.2);
  border-radius: 0 0 100% 0;
  box-shadow: rgba(0,0,0,0.2) -1px -1px 1px 0px inset;
  background-color: #fff;
}

.c16 {
  margin-top: -2px;
  margin-right: 4px;
  width: 10px;
  height: 10px;
  border-top: 1px solid rgba(0,0,0,0.4);
  border-radius: 100% 0 0 0;
  box-shadow: rgba(0,0,0,0.2) 1px 1px 2px 0px inset;
  background-color: #fff;
}

.c20 {
  margin-right: 4px;
  width: 10px;
  height: 10px;
  border-bottom: 1px solid rgba(0,0,0,0.2);
  border-radius: 0 0 0 100%;
  box-shadow: rgba(0,0,0,0.2) 1px -1px 2px 0px inset;
  background-color: #fff;
}

.c17 {
  position: absolute;
  margin-left: 45px;
}

.c13 {
  background-color: #fff;
  width: calc(100% + 10px);
  margin-left: -5px;
}

@media screen and (min-width:780px) {
  .c1 {
    width: 50%;
  }
}

<div>
  <div
    className="c0"
  >
    <div
      className="c1"
      width={
        Array [
          1,
          0.5,
        ]
      }
    >
      <p
        className="c2"
        color="dark"
        fontSize="large"
        fontWeight="bold"
      >
        Qual o valor do seu imóvel?
      </p>
      <div
        className="c3"
      >
        <p
          className="c4"
          color="grey"
          fontSize="default"
        >
          Nossa avaliação é precisa de acordo com os valores de mercado da sua região. Você mesmo pode editar este valor ou conversar com um de nossos especialistas no final do processo.
        </p>
        <div
          className="c5 c6"
        >
          <div
            className="c7"
          >
            <div
              className="c8"
              elevation={4}
              style={
                Object {
                  "borderRadius": 4,
                }
              }
            >
              <div
                className="c9"
              >
                <span
                  className="c10"
                  color="dark"
                  fontSize="small"
                  fontWeight="bold"
                />
                <div
                  className="c11"
                >
                  <span
                    className="c12"
                    color="grey"
                    fontSize="xsmall"
                  >
                    
                  </span>
                </div>
              </div>
              <div
                className="c13 "
              >
                <div
                  className="c14"
                >
                  <div
                    className="c15"
                  />
                  <div
                    className="c16"
                  />
                </div>
                <div
                  className="c17 c6"
                >
                  <div
                    className="c18 "
                  />
                </div>
                <div
                  className="c14"
                >
                  <div
                    className="c19"
                  />
                  <div
                    className="c20"
                  />
                </div>
              </div>
              <div
                className="c9"
              >
                <span
                  className="c12"
                  color="grey"
                  fontSize="xsmall"
                >
                  VALOR AVALIADO
                </span>
                <div
                  className="c14"
                >
                  <div
                    className="c21"
                  >
                    <input
                      mask={[Function]}
                      render={[Function]}
                      type="text"
                    />
                  </div>
                </div>
              </div>
            </div>
          </div>
        </div>
      </div>
      <div
        className="c22"
      >
        <div
          className="c23"
          width={0.4166666666666667}
        >
          <button
            className="c24"
            fontSize="default"
            height="tall"
            onClick={[Function]}
          >
            Cancelar
          </button>
        </div>
        <div
          className="c23"
          width={0.4166666666666667}
        >
          <button
            className="c25"
            disabled={false}
            fontSize="default"
            height="tall"
            onClick={[Function]}
          >
            OK
          </button>
        </div>
      </div>
    </div>
  </div>
</div>
`;
