// Jest Snapshot v1, https://goo.gl/fbAQLP

exports[`renders editing price state 1`] = `
.c2 {
  -webkit-font-smoothing: antialiased;
  font-family: FaktSoftPro-Normal;
  color: #3c4858;
  font-size: 24px;
  font-weight: bold;
  text-align: center;
}

.c3 {
  -webkit-font-smoothing: antialiased;
  font-family: FaktSoftPro-Normal;
  color: #979797;
  font-size: 18px;
}

.c8 {
  -webkit-font-smoothing: antialiased;
  font-family: FaktSoftPro-Normal;
  color: #3c4858;
  font-size: 14px;
}

.c5 {
  -webkit-font-smoothing: antialiased;
  display: block;
  width: 100%;
  outline: none;
  border-radius: 4px;
  border: 1px solid;
  border-color: #e0e6ed;
  padding: 0px 10px 0px 10px;
  height: 60px;
  color: #3c4858;
  font-family: FaktSoftPro-Normal;
  font-size: 18px;
  -webkit-letter-spacing: 2px;
  -moz-letter-spacing: 2px;
  -ms-letter-spacing: 2px;
  letter-spacing: 2px;
}

.c5:focus {
  border-radius: 4px;
  border: 1px solid;
  border-color: #1fb6ff;
  padding: 0px 10px 0px 10px;
  height: 60px;
}

.c5::-webkit-input-placeholder {
  color: #8492a6;
}

.c5::-moz-placeholder {
  color: #8492a6;
}

.c5:-ms-input-placeholder {
  color: #8492a6;
}

.c5::placeholder {
  color: #8492a6;
}

.c6 {
  height: 25px;
}

.c7 {
  display: inline;
  color: #ff4949;
  font-family: FaktSoftPro-Normal;
  font-size: 14px;
}

.c0 {
  display: -webkit-box;
  display: -webkit-flex;
  display: -ms-flexbox;
  display: flex;
  padding: 20px;
  -webkit-box-pack: center;
  -webkit-justify-content: center;
  -ms-flex-pack: center;
  justify-content: center;
}

.c9 {
  display: -webkit-box;
  display: -webkit-flex;
  display: -ms-flexbox;
  display: flex;
  margin-top: 20px;
  -webkit-box-pack: justify;
  -webkit-justify-content: space-between;
  -ms-flex-pack: justify;
  justify-content: space-between;
}

.c1 {
  width: 100%;
}

.c10 {
  width: 41.66666666666667%;
}

.c4 {
  margin-right: 20px;
  width: 100%;
}

.c11 {
  outline: none;
  display: block;
  cursor: pointer;
  padding: 0 20px 0 20px;
  border-radius: 4px;
  border: 1px solid;
  border-color: #e0e6ed;
  background-color: #ffffff;
  width: 100%;
  height: 60px;
  color: #3c4858;
  font-family: FaktSoftPro-Normal;
  font-size: 18px;
  -webkit-font-smoothing: antialiased;
  border-color: #e0e6ed;
}

.c11 :hover {
  background-color: #ffffff;
}

.c12 {
  outline: none;
  display: block;
  cursor: pointer;
  padding: 0 20px 0 20px;
  border-radius: 4px;
  border: 1px solid;
  border-color: #f50057;
  background-color: #f50057;
  width: 100%;
  height: 60px;
  color: #ffffff;
  font-family: FaktSoftPro-Normal;
  font-size: 18px;
  -webkit-font-smoothing: antialiased;
  border-color: #e0e6ed;
}

.c12 :hover {
  background-color: #f50057;
}

@media screen and (min-width:640px) {
  .c1 {
    width: 50%;
  }
}

@media screen and (min-width:640px) {
  .c4 {
    width: 50%;
  }
}

<div>
  <div
    className="c0"
  >
    <div
      className="c1"
      width={
        Array [
          1,
          0.5,
        ]
      }
    >
      <p
        className="c2"
        color="dark"
        fontSize="large"
        fontWeight="bold"
      >
        Qual o valor do seu imóvel?
      </p>
      <div
        className=""
      />
      <div
        className=""
      >
        <p
          className="c3"
          color="grey"
          fontSize="default"
        >
          Seu imóvel foi avaliado por:
        </p>
        <p
          className="c2"
          color="dark"
          fontSize="large"
          fontWeight="bold"
        >
          R$1,000
        </p>
        <p
          className="c3"
          color="grey"
          fontSize="default"
        >
          Recomendamos anunciar por:
        </p>
        <div
          className="c4"
          width={
            Array [
              1,
              0.5,
            ]
          }
        >
          <div
            className=""
          >
            <input
              className="c5"
              defaultValue={1100}
              error={null}
              fluid={true}
              fontSize="default"
              height="tall"
              hideErrorView={false}
              hideLabelView={true}
              letterSpacing="default"
              onChange={[Function]}
              placeholder="R$ 000.000"
              type="number"
            />
            <div
              className="c6 "
            >
              <span
                className="c7 c8"
                color="dark"
                fontSize="small"
              />
            </div>
          </div>
        </div>
        <p
          className="c3"
          color="grey"
          fontSize="default"
        >
          Não gostou da nossa avaliação? Não tem problema. É só editar o valor do seu imóvel.
        </p>
      </div>
      <div
        className="c9"
      >
        <div
          className="c10"
          width={0.4166666666666667}
        >
          <button
            className="c11"
            fontSize="default"
            height="tall"
            onClick={[Function]}
          >
            Cancelar
          </button>
        </div>
        <div
          className="c10"
          width={0.4166666666666667}
        >
          <button
            className="c12"
            disabled={false}
            fontSize="default"
            height="tall"
            onClick={[Function]}
          >
            OK
          </button>
        </div>
      </div>
    </div>
  </div>
</div>
`;
