// Jest Snapshot v1, https://goo.gl/fbAQLP

exports[`renders correctly 1`] = `
.c0 {
  display: -webkit-box;
  display: -webkit-flex;
  display: -ms-flexbox;
  display: flex;
  padding: 20px;
  padding-top: 0px;
  -webkit-box-pack: center;
  -webkit-justify-content: center;
  -ms-flex-pack: center;
  justify-content: center;
}

.c8 {
  display: -webkit-box;
  display: -webkit-flex;
  display: -ms-flexbox;
  display: flex;
  margin-top: 20px;
  -webkit-box-pack: center;
  -webkit-justify-content: center;
  -ms-flex-pack: center;
  justify-content: center;
}

.c9 {
  outline: none;
  display: block;
  cursor: pointer;
  padding: 0 20px 0 20px;
  border-color: #f50057;
  background-color: #f50057;
  border-radius: 4px;
  border-width: 1px;
  width: 100%;
  height: 60px;
  color: #ffffff;
  font-family: FaktSoftPro-Normal;
  font-size: 18px;
  -webkit-font-smoothing: antialiased;
  border-style: solid;
}

.c9 :hover {
  background-color: #f50057;
}

.c1 {
  width: 100%;
}

.c4 {
  margin-bottom: 10px;
}

.c2 {
  -webkit-font-smoothing: antialiased;
  font-family: FaktSoftPro-Normal;
  color: #3c4858;
  font-size: 24px;
  font-weight: bold;
  text-align: center;
}

.c5 {
  margin-right: 10px;
  width: auto;
  height: 20px;
}

.c3 {
  -webkit-font-smoothing: antialiased;
  font-family: FaktSoftPro-Normal;
  color: #979797;
  font-size: 18px;
  font-weight: normal;
}

.c7 {
  -webkit-font-smoothing: antialiased;
  font-family: FaktSoftPro-Normal;
  color: #3c4858;
  font-size: 18px;
  font-weight: normal;
}

.c6 {
  display: inline;
  margin: 0;
}

@media screen and (min-width:780px) {
  .c1 {
    width: 50%;
  }
}

<div>
  <div
    className="c0"
  >
    <div
      className="c1"
      width={
        Array [
          1,
          null,
          null,
          0.5,
        ]
      }
    >
      <p
        className="c2"
        color="dark"
        fontSize="large"
        fontWeight="bold"
      >
        Como funciona vender seu imóvel aqui na EmCasa?
      </p>
      <h2
        className="c3"
        color="grey"
        fontSize="default"
        fontWeight="normal"
      >
        Venda seu imóvel de um jeito fácil e seguro.
      </h2>
      <div
        className="c4"
      >
        <div
          className="c5"
          style={
            Object {
              "display": "inline",
              "verticalAlign": "sub",
            }
          }
        >
          <svg
            height={20}
            version="1.1"
            viewBox="0 0 512 512"
            x={0}
            y={0}
          >
            <path
              d="M256 8c137 0 248 111 248 248S393 504 256 504 8 393 8 256 119 8 256 8zm113.9 231L234.4 103.5c-9.4-9.4-24.6-9.4-33.9 0l-17 17c-9.4 9.4-9.4 24.6 0 33.9L285.1 256 183.5 357.6c-9.4 9.4-9.4 24.6 0 33.9l17 17c9.4 9.4 24.6 9.4 33.9 0L369.9 273c9.4-9.4 9.4-24.6 0-34z"
              fill="#1fb6ff"
              mr={2}
              name="chevron-circle-right"
              type="default"
            />
          </svg>
        </div>
        <h3
          className="c6 c7"
          color="dark"
          fontSize="default"
          fontWeight="normal"
        >
          Cadastre seu imóvel no nosso site
        </h3>
      </div>
      <div
        className="c4"
      >
        <div
          className="c5"
          style={
            Object {
              "display": "inline",
              "verticalAlign": "sub",
            }
          }
        >
          <svg
            height={20}
            version="1.1"
            viewBox="0 0 512 512"
            x={0}
            y={0}
          >
            <path
              d="M256 8c137 0 248 111 248 248S393 504 256 504 8 393 8 256 119 8 256 8zm113.9 231L234.4 103.5c-9.4-9.4-24.6-9.4-33.9 0l-17 17c-9.4 9.4-9.4 24.6 0 33.9L285.1 256 183.5 357.6c-9.4 9.4-9.4 24.6 0 33.9l17 17c9.4 9.4 24.6 9.4 33.9 0L369.9 273c9.4-9.4 9.4-24.6 0-34z"
              fill="#1fb6ff"
              mr={2}
              name="chevron-circle-right"
              type="default"
            />
          </svg>
        </div>
        <h3
          className="c6 c7"
          color="dark"
          fontSize="default"
          fontWeight="normal"
        >
          Agende Tour Virtual 3D / Fotos grátis
        </h3>
      </div>
      <div
        className="c4"
      >
        <div
          className="c5"
          style={
            Object {
              "display": "inline",
              "verticalAlign": "sub",
            }
          }
        >
          <svg
            height={20}
            version="1.1"
            viewBox="0 0 512 512"
            x={0}
            y={0}
          >
            <path
              d="M256 8c137 0 248 111 248 248S393 504 256 504 8 393 8 256 119 8 256 8zm113.9 231L234.4 103.5c-9.4-9.4-24.6-9.4-33.9 0l-17 17c-9.4 9.4-9.4 24.6 0 33.9L285.1 256 183.5 357.6c-9.4 9.4-9.4 24.6 0 33.9l17 17c9.4 9.4 24.6 9.4 33.9 0L369.9 273c9.4-9.4 9.4-24.6 0-34z"
              fill="#1fb6ff"
              mr={2}
              name="chevron-circle-right"
              type="default"
            />
          </svg>
        </div>
        <h3
          className="c6 c7"
          color="dark"
          fontSize="default"
          fontWeight="normal"
        >
          Avaliação online do seu imóvel
        </h3>
      </div>
      <div
        className="c4"
      >
        <div
          className="c5"
          style={
            Object {
              "display": "inline",
              "verticalAlign": "sub",
            }
          }
        >
          <svg
            height={20}
            version="1.1"
            viewBox="0 0 512 512"
            x={0}
            y={0}
          >
            <path
              d="M256 8c137 0 248 111 248 248S393 504 256 504 8 393 8 256 119 8 256 8zm113.9 231L234.4 103.5c-9.4-9.4-24.6-9.4-33.9 0l-17 17c-9.4 9.4-9.4 24.6 0 33.9L285.1 256 183.5 357.6c-9.4 9.4-9.4 24.6 0 33.9l17 17c9.4 9.4 24.6 9.4 33.9 0L369.9 273c9.4-9.4 9.4-24.6 0-34z"
              fill="#1fb6ff"
              mr={2}
              name="chevron-circle-right"
              type="default"
            />
          </svg>
        </div>
        <h3
          className="c6 c7"
          color="dark"
          fontSize="default"
          fontWeight="normal"
        >
          Cuidamos de toda burocracia, contratos e documentação
        </h3>
      </div>
      <div
        className="c4"
      >
        <div
          className="c5"
          style={
            Object {
              "display": "inline",
              "verticalAlign": "sub",
            }
          }
        >
          <svg
            height={20}
            version="1.1"
            viewBox="0 0 512 512"
            x={0}
            y={0}
          >
            <path
              d="M256 8c137 0 248 111 248 248S393 504 256 504 8 393 8 256 119 8 256 8zm113.9 231L234.4 103.5c-9.4-9.4-24.6-9.4-33.9 0l-17 17c-9.4 9.4-9.4 24.6 0 33.9L285.1 256 183.5 357.6c-9.4 9.4-9.4 24.6 0 33.9l17 17c9.4 9.4 24.6 9.4 33.9 0L369.9 273c9.4-9.4 9.4-24.6 0-34z"
              fill="#1fb6ff"
              mr={2}
              name="chevron-circle-right"
              type="default"
            />
          </svg>
        </div>
        <h3
          className="c6 c7"
          color="dark"
          fontSize="default"
          fontWeight="normal"
        >
          Economize tempo e dinheiro anunciando seu imóvel com a gente
        </h3>
      </div>
      <div
        className="c8"
      >
        <div
          className="c1"
          width={
            Array [
              1,
              null,
              null,
              0.5,
            ]
          }
        >
          <button
            className="c9"
            fontSize="default"
            height="tall"
            onClick={[Function]}
          >
            Quero Vender
          </button>
        </div>
      </div>
    </div>
  </div>
</div>
`;
