// Jest Snapshot v1, https://goo.gl/fbAQLP

exports[`<FilterButton/> should render component 1`] = `
.c1 {
  outline: none;
  cursor: pointer;
  padding: 0 20px 0 20px;
  border-color: #e0e6ed;
  background-color: #ffffff;
  border-radius: 4px;
  border-width: 1px;
  width: auto;
  height: 40px;
  margin-bottom: 10px;
  margin-right: 10px;
  padding-left: 10px;
  padding-right: 10px;
  color: #3c4858;
  font-family: FaktSoftPro-Normal;
  font-size: 18px;
  -webkit-font-smoothing: antialiased;
  border-style: solid;
}

.c1 :hover {
  background-color: #ffffff;
}

.c0 {
  position: relative;
  height: 32px;
  margin: 0 10px 4px 0;
  border: 1px solid #f50057;
  color: #f50057;
  font-size: 14px;
}

.c0:last-child {
  margin-right: 0;
}

@media screen and (min-width:780px) {
  .c1 {
    padding-left: 14px;
    padding-right: 14px;
  }
}

<button
  className="c0 c1"
  fontSize="default"
  height="medium"
  onClick={[Function]}
/>
`;
